// Jest Snapshot v1, https://goo.gl/fbAQLP

exports[`renders correctly 1`] = `
<ToolbarCollapsingScrollLayout
  toolbar={
    Object {
      "centerElement": "Panicker",
    }
  }
>
  <View
    style={
      Array [
        Object {
          "backgroundColor": "#ffffff",
          "borderRadius": 2,
          "marginHorizontal": 8,
          "marginVertical": 4,
          "shadowColor": "#000000",
          "shadowOffset": Object {
            "height": 2,
            "width": 0,
          },
          "shadowOpacity": 0.3,
          "shadowRadius": 2,
          "zIndex": 1,
        },
        undefined,
        undefined,
      ]
    }
  >
    <View
      style={
        Array [
          Object {
            "height": 48,
            "justifyContent": "center",
          },
          Object {
            "paddingLeft": 16,
          },
          undefined,
        ]
      }
    >
      <Text
        accessible={true}
        allowFontScaling={true}
        ellipsizeMode="tail"
        numberOfLines={1}
        style={
          Array [
            Object {
              "color": "rgba(0, 0, 0, 0.54)",
              "fontSize": 14,
              "fontWeight": "500",
              "lineHeight": 24,
            },
            undefined,
          ]
        }
      >
        Welcome!
      </Text>
    </View>
    <Text
      accessible={true}
      allowFontScaling={true}
      ellipsizeMode="tail"
      style={
        Object {
          "padding": 15,
          "paddingTop": 0,
        }
      }
    >
      This app will scream if someone tries to steal your phone. Click the action button below to drop the pin at your location. The best part about it is that you don't need to enable location tracking!
    </Text>
  </View>
</ToolbarCollapsingScrollLayout>
`;
