// Jest Snapshot v1, https://goo.gl/fbAQLP

exports[`toggle sensor action generates the action 1`] = `
Object {
  "type": "TOGGLE_SENSOR",
}
`;
